"02-attribute-no-init.cl", line 1:1, Syntax error: mismatched input 'class' expecting CLASS
line 1:8 token recognition error at: '{'
line 2:6 token recognition error at: ':'
line 3:0 token recognition error at: '}'
line 5:19 token recognition error at: '{'
line 6:6 token recognition error at: ':'
line 7:0 token recognition error at: '}'
Compilation halted
