"04-method.cl", line 1:1, Syntax error: mismatched input 'class' expecting CLASS
line 1:8 token recognition error at: '{'
line 2:6 token recognition error at: ':'
line 4:5 token recognition error at: '('
line 4:6 token recognition error at: ')'
line 4:8 token recognition error at: ':'
line 4:17 token recognition error at: '{'
line 4:21 token recognition error at: '}'
line 5:0 token recognition error at: '}'
line 7:19 token recognition error at: '{'
line 8:6 token recognition error at: ':'
line 8:12 token recognition error at: '<'
line 8:13 token recognition error at: '-'
line 10:5 token recognition error at: '('
line 10:8 token recognition error at: ':'
line 10:13 token recognition error at: ','
line 10:17 token recognition error at: ':'
line 10:23 token recognition error at: ')'
line 10:25 token recognition error at: ':'
line 10:31 token recognition error at: '{'
line 10:35 token recognition error at: '}'
line 11:0 token recognition error at: '}'
Compilation halted
