"05-literal-id.cl", line 1:1, Syntax error: mismatched input 'class' expecting CLASS
line 1:8 token recognition error at: '{'
line 2:6 token recognition error at: ':'
line 2:12 token recognition error at: '<'
line 2:13 token recognition error at: '-'
line 3:6 token recognition error at: ':'
line 3:15 token recognition error at: '<'
line 3:16 token recognition error at: '-'
line 3:18 token recognition error at: '"'
line 3:22 token recognition error at: '"'
line 4:6 token recognition error at: ':'
line 4:13 token recognition error at: '<'
line 4:14 token recognition error at: '-'
line 5:6 token recognition error at: ':'
line 5:13 token recognition error at: '<'
line 5:14 token recognition error at: '-'
line 6:0 token recognition error at: '}'
Compilation halted
