program
  class
    A
    attribute
      n
      Int
