program
  class
    A
    attribute
      n
      Int
    attribute
      b
      Bool
      n
    attribute
      c
      Bool
      false
