"08-assignment.cl", line 1:1, Syntax error: mismatched input 'class' expecting CLASS
line 1:8 token recognition error at: '{'
line 2:6 token recognition error at: ':'
line 4:5 token recognition error at: '('
line 4:8 token recognition error at: ':'
line 4:13 token recognition error at: ')'
line 4:15 token recognition error at: ':'
line 4:21 token recognition error at: '{'
line 5:10 token recognition error at: '<'
line 5:11 token recognition error at: '-'
line 6:4 token recognition error at: '}'
line 8:5 token recognition error at: '('
line 8:8 token recognition error at: ':'
line 8:13 token recognition error at: ','
line 8:17 token recognition error at: ':'
line 8:22 token recognition error at: ')'
line 8:24 token recognition error at: ':'
line 8:30 token recognition error at: '{'
line 9:10 token recognition error at: '<'
line 9:11 token recognition error at: '-'
line 9:15 token recognition error at: '<'
line 9:16 token recognition error at: '-'
line 10:4 token recognition error at: '}'
line 11:0 token recognition error at: '}'
Compilation halted
