program
  class
    A
    method
      f
      Bool
      not
