line 7:12 token recognition error at: '.'
"10-dispatch.cl", line 7:14, Syntax error: mismatched input 'g' expecting {'}', '+', '-', '*', '/', '<', '<=', '='}
line 11:13 token recognition error at: '@'
line 11:15 token recognition error at: '.'
"10-dispatch.cl", line 11:15, Syntax error: mismatched input 'A' expecting {'}', '+', '-', '*', '/', '<', '<=', '='}
line 11:24 token recognition error at: '.'
Compilation halted
