program
  class
    A
    method
      f
      formal
        x
        Int
      Int
