"12-while.cl", line 1:1, Syntax error: mismatched input 'class' expecting CLASS
line 1:8 token recognition error at: '{'
line 2:5 token recognition error at: '('
line 2:8 token recognition error at: ':'
line 2:13 token recognition error at: ')'
line 2:15 token recognition error at: ':'
line 2:24 token recognition error at: '{'
line 3:16 token recognition error at: '<'
line 4:14 token recognition error at: '<'
line 4:15 token recognition error at: '-'
line 4:19 token recognition error at: '-'
line 6:4 token recognition error at: '}'
line 7:0 token recognition error at: '}'
Compilation halted
