"13-let.cl", line 1:1, Syntax error: mismatched input 'class' expecting CLASS
line 1:8 token recognition error at: '{'
line 2:5 token recognition error at: '('
line 2:8 token recognition error at: ':'
line 2:13 token recognition error at: ')'
line 2:15 token recognition error at: ':'
line 2:21 token recognition error at: '{'
line 3:14 token recognition error at: ':'
line 3:20 token recognition error at: '<'
line 3:21 token recognition error at: '-'
line 3:25 token recognition error at: '+'
line 3:28 token recognition error at: ','
line 4:14 token recognition error at: ':'
line 4:20 token recognition error at: '<'
line 4:21 token recognition error at: '-'
line 4:25 token recognition error at: '+'
line 7:4 token recognition error at: '}'
line 8:0 token recognition error at: '}'
Compilation halted
