"14-case.cl", line 1:1, Syntax error: mismatched input 'class' expecting CLASS
line 1:8 token recognition error at: '{'
line 2:5 token recognition error at: '('
line 2:8 token recognition error at: ':'
line 2:16 token recognition error at: ')'
line 2:18 token recognition error at: ':'
line 2:27 token recognition error at: '{'
line 4:14 token recognition error at: ':'
line 4:23 token recognition error at: '='
line 4:24 token recognition error at: '>'
line 4:26 token recognition error at: '"'
line 4:33 token recognition error at: '"'
line 5:14 token recognition error at: ':'
line 5:23 token recognition error at: '='
line 5:24 token recognition error at: '>'
line 5:26 token recognition error at: '"'
line 5:30 token recognition error at: '"'
line 6:14 token recognition error at: ':'
line 6:23 token recognition error at: '='
line 6:24 token recognition error at: '>'
line 6:26 token recognition error at: '"'
line 6:31 token recognition error at: '"'
line 8:4 token recognition error at: '}'
line 9:0 token recognition error at: '}'
Compilation halted
