"15-block.cl", line 1:1, Syntax error: mismatched input 'class' expecting CLASS
line 1:8 token recognition error at: '{'
line 2:5 token recognition error at: '('
line 2:8 token recognition error at: ':'
line 2:13 token recognition error at: ')'
line 2:15 token recognition error at: ':'
line 2:24 token recognition error at: '{'
line 3:8 token recognition error at: '{'
line 4:14 token recognition error at: '<'
line 4:15 token recognition error at: '-'
line 4:19 token recognition error at: '+'
line 5:12 token recognition error at: '"'
line 5:17 token recognition error at: '!'
line 5:18 token recognition error at: '"'
line 6:8 token recognition error at: '}'
line 7:4 token recognition error at: '}'
line 8:0 token recognition error at: '}'
Compilation halted
