"16-string-special-chars.cl", line 1:1, Syntax error: mismatched input 'class' expecting CLASS
line 1:8 token recognition error at: '{'
line 2:7 token recognition error at: ':'
line 2:16 token recognition error at: '<'
line 2:17 token recognition error at: '-'
line 2:19 token recognition error at: '"'
line 2:22 token recognition error at: '\'
line 2:26 token recognition error at: '"'
line 3:7 token recognition error at: ':'
line 3:16 token recognition error at: '<'
line 3:17 token recognition error at: '-'
line 3:19 token recognition error at: '"'
line 3:22 token recognition error at: '\'
line 3:26 token recognition error at: '"'
line 4:7 token recognition error at: ':'
line 4:16 token recognition error at: '<'
line 4:17 token recognition error at: '-'
line 4:19 token recognition error at: '"'
line 4:22 token recognition error at: '\'
line 5:2 token recognition error at: '"'
line 6:7 token recognition error at: ':'
line 6:16 token recognition error at: '<'
line 6:17 token recognition error at: '-'
line 6:19 token recognition error at: '"'
line 6:22 token recognition error at: '\'
line 6:23 token recognition error at: '\'
line 6:26 token recognition error at: '"'
line 7:7 token recognition error at: ':'
line 7:16 token recognition error at: '<'
line 7:17 token recognition error at: '-'
line 7:19 token recognition error at: '"'
line 7:22 token recognition error at: '\'
line 7:26 token recognition error at: '"'
line 8:0 token recognition error at: '}'
Compilation halted
