line 1:0 token recognition error at: '('
line 1:1 token recognition error at: '*'
line 2:8 token recognition error at: 'ă'
"17-big.cl", line 2:5, Syntax error: mismatched input 'List' expecting CLASS
line 2:15 token recognition error at: 'ă'
line 2:25 token recognition error at: 'ă'
line 2:26 token recognition error at: ','
line 2:42 token recognition error at: 'â'
line 2:66 token recognition error at: 'ș'
line 3:23 token recognition error at: '.'
line 3:27 token recognition error at: 'â'
line 3:29 token recognition error at: 'ș'
line 3:63 token recognition error at: '='
line 3:69 token recognition error at: '.'
line 5:16 token recognition error at: 'ă'
line 5:28 token recognition error at: '.'
line 6:0 token recognition error at: '*'
line 6:1 token recognition error at: ')'
line 7:23 token recognition error at: '{'
line 8:9 token recognition error at: ':'
line 9:9 token recognition error at: ':'
line 11:8 token recognition error at: '('
line 11:11 token recognition error at: ':'
line 11:19 token recognition error at: ','
line 11:23 token recognition error at: ':'
line 11:29 token recognition error at: ')'
line 11:31 token recognition error at: ':'
line 11:38 token recognition error at: '{'
line 12:8 token recognition error at: '{'
line 13:17 token recognition error at: '<'
line 13:18 token recognition error at: '-'
line 14:17 token recognition error at: '<'
line 14:18 token recognition error at: '-'
line 16:8 token recognition error at: '}'
line 17:4 token recognition error at: '}'
line 19:9 token recognition error at: '('
line 19:10 token recognition error at: ')'
line 19:12 token recognition error at: ':'
line 19:17 token recognition error at: '{'
line 20:16 token recognition error at: ':'
line 20:25 token recognition error at: '<'
line 20:26 token recognition error at: '-'
line 21:16 token recognition error at: '-'
line 21:17 token recognition error at: '-'
line 21:49 token recognition error at: 'ț'
line 21:54 token recognition error at: 'î'
line 21:61 token recognition error at: 'ț'
line 22:16 token recognition error at: '-'
line 22:17 token recognition error at: '-'
line 22:26 token recognition error at: '.'
line 22:33 token recognition error at: '('
line 22:34 token recognition error at: ')'
line 22:40 token recognition error at: 'ș'
line 22:49 token recognition error at: 'ț'
line 22:52 token recognition error at: '.'
line 22:54 token recognition error at: 'Ș'
line 22:69 token recognition error at: 'î'
line 22:78 token recognition error at: 'ă'
line 23:16 token recognition error at: '-'
line 23:17 token recognition error at: '-'
line 23:57 token recognition error at: 'ă'
line 23:70 token recognition error at: '.'
line 25:22 token recognition error at: ':'
line 25:31 token recognition error at: '='
line 25:32 token recognition error at: '>'
line 26:22 token recognition error at: ':'
line 26:28 token recognition error at: '='
line 26:29 token recognition error at: '>'
line 26:38 token recognition error at: '.'
line 26:42 token recognition error at: '('
line 26:44 token recognition error at: ')'
line 26:48 token recognition error at: '-'
line 26:49 token recognition error at: '-'
line 26:67 token recognition error at: 'ă'
line 27:22 token recognition error at: ':'
line 27:31 token recognition error at: '='
line 27:32 token recognition error at: '>'
line 27:34 token recognition error at: '{'
line 27:41 token recognition error at: '('
line 27:42 token recognition error at: ')'
line 27:45 token recognition error at: '"'
line 27:46 token recognition error at: '"'
line 27:49 token recognition error at: '}'
line 30:12 token recognition error at: '{'
line 31:26 token recognition error at: '('
line 31:30 token recognition error at: '.'
line 31:37 token recognition error at: '('
line 31:38 token recognition error at: '"'
line 31:40 token recognition error at: '"'
line 31:41 token recognition error at: ')'
line 31:42 token recognition error at: ')'
line 32:19 token recognition error at: '('
line 32:31 token recognition error at: ')'
line 32:48 token recognition error at: '('
line 32:49 token recognition error at: '"'
line 32:50 token recognition error at: '\'
line 32:52 token recognition error at: '"'
line 32:53 token recognition error at: ')'
line 32:64 token recognition error at: '.'
line 32:70 token recognition error at: '('
line 32:71 token recognition error at: ')'
line 33:12 token recognition error at: '}'
line 34:4 token recognition error at: '}'
line 35:0 token recognition error at: '}'
line 37:23 token recognition error at: '{'
line 38:8 token recognition error at: '('
line 38:9 token recognition error at: ')'
line 38:11 token recognition error at: ':'
line 38:20 token recognition error at: '{'
line 39:8 token recognition error at: '{'
line 40:18 token recognition error at: ':'
line 40:24 token recognition error at: '<'
line 40:25 token recognition error at: '-'
line 40:28 token recognition error at: ','
line 41:18 token recognition error at: ':'
line 41:27 token recognition error at: '<'
line 41:28 token recognition error at: '-'
line 41:30 token recognition error at: '"'
line 41:31 token recognition error at: '!'
line 41:32 token recognition error at: '"'
line 41:33 token recognition error at: ','
line 42:18 token recognition error at: ':'
line 42:24 token recognition error at: '<'
line 42:25 token recognition error at: '-'
line 42:29 token recognition error at: '+'
line 42:32 token recognition error at: ','
line 43:22 token recognition error at: ':'
line 43:28 token recognition error at: ','
line 43:31 token recognition error at: '-'
line 43:32 token recognition error at: '-'
line 43:37 token recognition error at: 'ț'
line 43:45 token recognition error at: 'ă'
line 44:21 token recognition error at: ':'
line 44:28 token recognition error at: '<'
line 44:29 token recognition error at: '-'
line 45:28 token recognition error at: '.'
line 45:33 token recognition error at: '('
line 45:35 token recognition error at: ','
line 46:32 token recognition error at: '.'
line 46:37 token recognition error at: '('
line 46:39 token recognition error at: ','
line 47:36 token recognition error at: '.'
line 47:41 token recognition error at: '('
line 47:43 token recognition error at: ','
line 47:50 token recognition error at: ')'
line 47:51 token recognition error at: ')'
line 47:52 token recognition error at: ')'
line 49:20 token recognition error at: '.'
line 49:26 token recognition error at: '('
line 49:27 token recognition error at: ')'
line 51:12 token recognition error at: '-'
line 51:13 token recognition error at: '-'
line 51:26 token recognition error at: 'î'
line 51:37 token recognition error at: ','
line 51:39 token recognition error at: 'ș'
line 51:48 token recognition error at: 'î'
line 51:51 token recognition error at: 'ă'
line 51:53 token recognition error at: 'ț'
line 51:72 token recognition error at: 'ț'
line 51:75 token recognition error at: '.'
line 52:18 token recognition error at: ':'
line 52:24 token recognition error at: '<'
line 52:25 token recognition error at: '-'
line 52:37 token recognition error at: '('
line 52:38 token recognition error at: '"'
line 52:45 token recognition error at: 'ă'
line 52:64 token recognition error at: ':'
line 52:66 token recognition error at: '"'
line 52:67 token recognition error at: ')'
line 52:68 token recognition error at: '.'
line 52:75 token recognition error at: '('
line 52:76 token recognition error at: ')'
line 54:16 token recognition error at: '{'
line 55:30 token recognition error at: '('
line 55:31 token recognition error at: '"'
line 55:50 token recognition error at: ':'
line 55:52 token recognition error at: '"'
line 55:53 token recognition error at: ')'
line 55:54 token recognition error at: '.'
line 55:62 token recognition error at: '('
line 55:71 token recognition error at: '('
line 55:73 token recognition error at: ')'
line 55:74 token recognition error at: ')'
line 56:24 token recognition error at: '.'
line 56:35 token recognition error at: '('
line 56:36 token recognition error at: '"'
line 56:37 token recognition error at: '\'
line 56:39 token recognition error at: '"'
line 56:40 token recognition error at: ')'
line 57:30 token recognition error at: '('
line 57:31 token recognition error at: '"'
line 57:50 token recognition error at: ':'
line 57:52 token recognition error at: '"'
line 57:53 token recognition error at: ')'
line 57:54 token recognition error at: '.'
line 57:62 token recognition error at: '('
line 57:72 token recognition error at: '('
line 57:74 token recognition error at: ')'
line 57:75 token recognition error at: ')'
line 58:24 token recognition error at: '.'
line 58:35 token recognition error at: '('
line 58:36 token recognition error at: '"'
line 58:37 token recognition error at: '\'
line 58:39 token recognition error at: '"'
line 58:40 token recognition error at: ')'
line 59:16 token recognition error at: '}'
line 60:8 token recognition error at: '}'
line 61:4 token recognition error at: '}'
line 63:4 token recognition error at: '-'
line 63:5 token recognition error at: '-'
line 64:12 token recognition error at: '('
line 64:15 token recognition error at: ':'
line 64:20 token recognition error at: ')'
line 64:22 token recognition error at: ':'
line 64:28 token recognition error at: '{'
line 65:13 token recognition error at: '='
line 65:31 token recognition error at: '*'
line 65:41 token recognition error at: '('
line 65:44 token recognition error at: '-'
line 65:47 token recognition error at: ')'
line 66:4 token recognition error at: '}'
line 68:4 token recognition error at: '-'
line 68:5 token recognition error at: '-'
line 69:13 token recognition error at: '('
line 69:16 token recognition error at: ':'
line 69:21 token recognition error at: ')'
line 69:23 token recognition error at: ':'
line 69:29 token recognition error at: '{'
line 70:16 token recognition error at: ':'
line 70:22 token recognition error at: '<'
line 70:23 token recognition error at: '-'
line 71:8 token recognition error at: '-'
line 71:9 token recognition error at: '-'
line 71:21 token recognition error at: '{'
line 71:22 token recognition error at: '}'
line 71:30 token recognition error at: 'ă'
line 71:47 token recognition error at: '.'
line 72:8 token recognition error at: '-'
line 72:9 token recognition error at: '-'
line 72:42 token recognition error at: '.'
line 74:12 token recognition error at: '{'
line 75:22 token recognition error at: '('
line 75:27 token recognition error at: '('
line 75:30 token recognition error at: '='
line 75:33 token recognition error at: ')'
line 75:34 token recognition error at: ')'
line 76:20 token recognition error at: '{'
line 77:28 token recognition error at: '<'
line 77:29 token recognition error at: '-'
line 77:35 token recognition error at: '*'
line 78:26 token recognition error at: '<'
line 78:27 token recognition error at: '-'
line 78:31 token recognition error at: '-'
line 79:20 token recognition error at: '}'
line 82:12 token recognition error at: '}'
line 83:4 token recognition error at: '}'
line 84:0 token recognition error at: '}'
Compilation halted
