"19-error-comment.cl", line 1:1, Syntax error: mismatched input 'class' expecting CLASS
line 1:8 token recognition error at: '{'
line 2:4 token recognition error at: '*'
line 2:5 token recognition error at: ')'
line 4:6 token recognition error at: ':'
line 6:4 token recognition error at: '('
line 6:5 token recognition error at: '*'
line 6:12 token recognition error at: '('
line 6:13 token recognition error at: '*'
line 6:23 token recognition error at: '*'
line 6:24 token recognition error at: ')'
line 7:0 token recognition error at: '}'
Compilation halted
