program
  class
    A
    attribute
      x
      Int
