"17-big.cl", line 26:36, Semantic error: new is used with undefined type A2I
"17-big.cl", line 20:9, Semantic error: Type Object of the body of method print is incompatible with declared return type IO
Compilation halted
