"06-resolve-id.cl", line 9:24, Semantic error: Undefined identifier y
"06-resolve-id.cl", line 11:18, Semantic error: Undefined identifier y
Compilation halted
