Exception in thread "main" java.lang.IllegalStateException: Unable to compute class returned type of expression cool.reflection.expression.RfNewExpression@d041cf
	at cool.visitor.resolution.ResolutionPassVisitor.visit(ResolutionPassVisitor.java:404)
	at cool.visitor.resolution.ResolutionPassVisitor.visit(ResolutionPassVisitor.java:37)
	at cool.reflection.expression.RfAssignment.accept(RfAssignment.java:28)
	at cool.visitor.resolution.ResolutionPassVisitor.visit(ResolutionPassVisitor.java:257)
	at cool.visitor.resolution.ResolutionPassVisitor.visit(ResolutionPassVisitor.java:37)
	at cool.reflection.feature.features.RfMethod.accept(RfMethod.java:48)
	at cool.visitor.resolution.ResolutionPassVisitor.lambda$visit$1(ResolutionPassVisitor.java:56)
	at java.base/java.util.ArrayList.forEach(ArrayList.java:1511)
	at cool.visitor.resolution.ResolutionPassVisitor.visit(ResolutionPassVisitor.java:56)
	at cool.visitor.resolution.ResolutionPassVisitor.visit(ResolutionPassVisitor.java:37)
	at cool.reflection.RfClass.accept(RfClass.java:28)
	at cool.visitor.resolution.ResolutionPassVisitor.lambda$visit$0(ResolutionPassVisitor.java:43)
	at java.base/java.util.ArrayList.forEach(ArrayList.java:1511)
	at cool.visitor.resolution.ResolutionPassVisitor.visit(ResolutionPassVisitor.java:43)
	at cool.visitor.resolution.ResolutionPassVisitor.visit(ResolutionPassVisitor.java:37)
	at cool.reflection.RfProgram.accept(RfProgram.java:21)
	at cool.compiler.Compiler.main(Compiler.java:137)
	at cool.tester.Tester2.main(Tester2.java:34)
