Exception in thread "main" java.lang.NullPointerException: Cannot invoke "cool.reflection.expression.RfExpression.accept(cool.visitor.ASTVisitor)" because the return value of "cool.reflection.expression.instructions.RfLet$RfDeclareVariable.getValue()" is null
	at cool.visitor.resolution.ResolutionPassVisitor.visit(ResolutionPassVisitor.java:587)
	at cool.visitor.resolution.ResolutionPassVisitor.visit(ResolutionPassVisitor.java:39)
	at cool.reflection.expression.instructions.RfLet$RfDeclareVariable.accept(RfLet.java:50)
	at cool.visitor.resolution.ResolutionPassVisitor.lambda$visit$3(ResolutionPassVisitor.java:555)
	at java.base/java.util.ArrayList.forEach(ArrayList.java:1511)
	at cool.visitor.resolution.ResolutionPassVisitor.visit(ResolutionPassVisitor.java:555)
	at cool.visitor.resolution.ResolutionPassVisitor.visit(ResolutionPassVisitor.java:39)
	at cool.reflection.expression.instructions.RfLet.accept(RfLet.java:87)
	at cool.visitor.resolution.ResolutionPassVisitor.visit(ResolutionPassVisitor.java:417)
	at cool.visitor.resolution.ResolutionPassVisitor.visit(ResolutionPassVisitor.java:39)
	at cool.reflection.expression.RfAssignment.accept(RfAssignment.java:31)
	at cool.visitor.resolution.ResolutionPassVisitor.visit(ResolutionPassVisitor.java:271)
	at cool.visitor.resolution.ResolutionPassVisitor.visit(ResolutionPassVisitor.java:39)
	at cool.reflection.feature.features.RfMethod.accept(RfMethod.java:48)
	at cool.visitor.resolution.ResolutionPassVisitor.lambda$visit$1(ResolutionPassVisitor.java:58)
	at java.base/java.util.ArrayList.forEach(ArrayList.java:1511)
	at cool.visitor.resolution.ResolutionPassVisitor.visit(ResolutionPassVisitor.java:58)
	at cool.visitor.resolution.ResolutionPassVisitor.visit(ResolutionPassVisitor.java:39)
	at cool.reflection.RfClass.accept(RfClass.java:28)
	at cool.visitor.resolution.ResolutionPassVisitor.lambda$visit$0(ResolutionPassVisitor.java:45)
	at java.base/java.util.ArrayList.forEach(ArrayList.java:1511)
	at cool.visitor.resolution.ResolutionPassVisitor.visit(ResolutionPassVisitor.java:45)
	at cool.visitor.resolution.ResolutionPassVisitor.visit(ResolutionPassVisitor.java:39)
	at cool.reflection.RfProgram.accept(RfProgram.java:21)
	at cool.compiler.Compiler.main(Compiler.java:137)
	at cool.tester.Tester2.main(Tester2.java:34)
