"18-type-dispatch.cl", line 5:15, Semantic error: Method f of class B is applied to wrong number of arguments
"18-type-dispatch.cl", line 8:15, Semantic error: Undefined method g in class C
"18-type-dispatch.cl", line 11:15, Semantic error: Type of static fcannot be SELF_TYPE
"18-type-dispatch.cl", line 12:15, Semantic error: Type Y of static f is undefined
"18-type-dispatch.cl", line 13:15, Semantic error: Type A of static dispatch is not a superclass of type C
"18-type-dispatch.cl", line 15:17, Semantic error: Undefined method f in class Z
"18-type-dispatch.cl", line 3:9, Semantic error: Type Object of the body of method f is incompatible with declared return type Int
Compilation halted
