SPIM Version 8.0 of January 8, 2010
Copyright 1990-2010, James R. Larus.
All Rights Reserved.
See the file README for a full copyright notice.
Loaded: trap.handler.nogc
The following symbols are undefined:
SELF_TYPE_init
main
SELF_TYPE_protObj

[0x00400a70]	0x3c010000  lui $1, 0 [SELF_TYPE_protObj]   ; 702: la		$a0 SELF_TYPE_protObj
